// Jest Snapshot v1, https://goo.gl/fbAQLP

exports[`Renders learn react link 1`] = `
.c0 {
  background: blue;
  color: green;
}

<div
  class="c0"
>
  <h1>
    Hello World!
  </h1>
</div>
`;
